// Jest Snapshot v1, https://goo.gl/fbAQLP

exports[`Security Configuration App features table displays a given feature 1`] = `
<gl-table-stub
  fields="[object Object],[object Object]"
  items="[object Object]"
  stacked="md"
/>
`;
