// Jest Snapshot v1, https://goo.gl/fbAQLP

exports[`TimeMetricsCard matches the snapshot 1`] = `
<div
  class="card"
>
  <!---->
  <div
    class="card-header"
  >
    <strong>
      Time
    </strong>
  </div>
  <div
    class="card-body"
  >
    <!---->
    <!---->
     
    <div
      class="d-flex"
    >
      <div
        class="js-metric-card-item flex-grow text-center"
      >
        <h3
          class="my-2"
        >
          2 days
        </h3>
         
        <p
          class="text-secondary gl-font-sm mb-2"
        >
          Lead time
        </p>
      </div>
      <div
        class="js-metric-card-item flex-grow text-center"
      >
        <h3
          class="my-2"
        >
          1.5 days
        </h3>
         
        <p
          class="text-secondary gl-font-sm mb-2"
        >
          Cycle time
        </p>
      </div>
    </div>
     
  </div>
  <!---->
  <!---->
</div>
`;
