// Jest Snapshot v1, https://goo.gl/fbAQLP

exports[`Grouped Issues List renders a smart virtual list with the correct props 1`] = `
Object {
  "length": 4,
  "remain": 20,
  "rtag": "div",
  "size": 32,
  "wclass": null,
  "wtag": "div",
}
`;

exports[`Grouped Issues List with data renders a report item with the correct props 1`] = `
Object {
  "component": "",
  "isNew": false,
  "issue": Object {
    "name": "foo",
  },
  "showReportSectionStatusIcon": false,
  "status": "none",
  "statusIconSize": 24,
}
`;
