// Jest Snapshot v1, https://goo.gl/fbAQLP

exports[`packages_list_row renders 1`] = `
<div
  class="gl-responsive-table-row"
>
  <div
    class="table-section section-50 d-flex flex-md-column justify-content-between"
  >
    <div
      class="d-flex align-items-center"
    >
      <gl-link-stub
        class="text-dark font-weight-bold mb-md-1"
        href="foo"
      >
        Test package
      </gl-link-stub>
       
      <!---->
    </div>
     
    <div
      class="d-flex mt-1 text-secondary"
    >
      <gl-sprintf-stub
        message="%{version}"
      />
       
      <gl-link-stub
        class="text-secondary ml-2"
        href="/foo/bar/baz"
      >
        
      </gl-link-stub>
       
      <div
        class="d-flex align-items-center"
      >
        <gl-icon-stub
          class="text-secondary ml-2 mr-1"
          name="package"
          size="16"
        />
         
        <span>
          Maven
        </span>
      </div>
    </div>
  </div>
   
  <div
    class="table-section section-40 d-flex flex-md-column justify-content-between align-items-md-end"
  >
    <!---->
     
    <div
      class="text-secondary order-0 order-md-1"
    >
      <gl-sprintf-stub
        message="Created %{timestamp}"
      />
    </div>
  </div>
   
  <div
    class="table-section section-10 d-flex justify-content-end"
  >
    <gl-button-stub
      aria-label="Remove package"
      size="md"
      title="Remove package"
      variant="danger"
    >
      <gl-icon-stub
        name="remove"
        size="16"
      />
    </gl-button-stub>
  </div>
</div>
`;
